<?xml version="1.0" encoding="utf-8"?>
<TestRun id="257a4755-536f-4515-a739-e31237ba4f35" name="ebcak@BURAK 2023-05-10 18:45:28" runUser="BURAK\ebcak" xmlns="http://microsoft.com/schemas/VisualStudio/TeamTest/2010">
  <Times creation="2023-05-10T18:45:28.7678706+03:00" queuing="2023-05-10T18:45:28.7678707+03:00" start="2023-05-10T18:45:26.5280784+03:00" finish="2023-05-10T18:47:48.6887330+03:00" />
  <TestSettings name="default" id="82dd4f0d-5d09-4813-b55f-c82b920f9981">
    <Deployment runDeploymentRoot="ebcak_BURAK_2023-05-10_18_45_28" />
  </TestSettings>
  <Results>
    <UnitTestResult executionId="30df337f-e6db-4484-a30f-bbc704d5ec6f" testId="adf30842-d3db-580b-f996-c41e40929a1a" testName="AlgorithmTests.HuffmanCodingTest.Mp3FileCompressTest" computerName="BURAK" duration="00:00:00.0000974" startTime="2023-05-10T18:47:48.5403405+03:00" endTime="2023-05-10T18:47:48.5403405+03:00" testType="13cdc9d9-ddb5-4fa4-a97d-d965ccfc6d4b" outcome="Passed" testListId="8c84fa94-04c1-424b-9868-57a2d4851a1d" relativeResultsDirectory="30df337f-e6db-4484-a30f-bbc704d5ec6f" />
    <UnitTestResult executionId="be62209b-7772-49f6-a056-8822674f5fb2" testId="be36c7e1-bcfb-53d5-a10b-dcdff409b80c" testName="AlgorithmTests.BelmannFordAlgorithmTest.WorstCase" computerName="BURAK" duration="00:00:00.0001741" startTime="2023-05-10T18:45:27.6689563+03:00" endTime="2023-05-10T18:45:27.6689564+03:00" testType="13cdc9d9-ddb5-4fa4-a97d-d965ccfc6d4b" outcome="Passed" testListId="8c84fa94-04c1-424b-9868-57a2d4851a1d" relativeResultsDirectory="be62209b-7772-49f6-a056-8822674f5fb2" />
    <UnitTestResult executionId="7ec3f2ee-effd-4697-bdbf-3557ff98b74b" testId="4d2109aa-e5fc-df95-2684-aa5fbf8f343b" testName="AlgorithmTests.HuffmanCodingTest.TextFileCompressTest" computerName="BURAK" duration="00:00:00.0001199" startTime="2023-05-10T18:47:48.5401645+03:00" endTime="2023-05-10T18:47:48.5401645+03:00" testType="13cdc9d9-ddb5-4fa4-a97d-d965ccfc6d4b" outcome="Passed" testListId="8c84fa94-04c1-424b-9868-57a2d4851a1d" relativeResultsDirectory="7ec3f2ee-effd-4697-bdbf-3557ff98b74b" />
    <UnitTestResult executionId="7b28c0e3-2fcd-4af8-84e5-0313551e8b94" testId="a8fa783f-4d58-9073-a3af-ce75d473bae8" testName="AlgorithmTests.HuffmanCodingTest.Mp3FileDecompressTest" computerName="BURAK" duration="00:00:00.0003360" startTime="2023-05-10T18:47:48.5399833+03:00" endTime="2023-05-10T18:47:48.5399833+03:00" testType="13cdc9d9-ddb5-4fa4-a97d-d965ccfc6d4b" outcome="Passed" testListId="8c84fa94-04c1-424b-9868-57a2d4851a1d" relativeResultsDirectory="7b28c0e3-2fcd-4af8-84e5-0313551e8b94" />
    <UnitTestResult executionId="50e1dc68-d189-4488-b992-69e75582af35" testId="e0aa0750-ed4f-a530-01cb-9ee9e5f17d23" testName="AlgorithmTests.IkeaProblemTest.IkeaProblemAlgorithm" computerName="BURAK" duration="00:00:00.0161708" startTime="2023-05-10T18:45:27.6687875+03:00" endTime="2023-05-10T18:45:27.6687875+03:00" testType="13cdc9d9-ddb5-4fa4-a97d-d965ccfc6d4b" outcome="Passed" testListId="8c84fa94-04c1-424b-9868-57a2d4851a1d" relativeResultsDirectory="50e1dc68-d189-4488-b992-69e75582af35" />
    <UnitTestResult executionId="74a79722-459f-42eb-b133-0bb2fe42df9b" testId="a6e04862-ca56-4bb1-96ef-ef5b14e7b8aa" testName="AlgorithmTests.KruskalAlgorithmTest.WorstCase" computerName="BURAK" duration="00:00:00.0005467" startTime="2023-05-10T18:45:27.6685377+03:00" endTime="2023-05-10T18:45:27.6685378+03:00" testType="13cdc9d9-ddb5-4fa4-a97d-d965ccfc6d4b" outcome="Passed" testListId="8c84fa94-04c1-424b-9868-57a2d4851a1d" relativeResultsDirectory="74a79722-459f-42eb-b133-0bb2fe42df9b" />
    <UnitTestResult executionId="7d35ae04-b5f8-43cc-9d48-29bc239d4e12" testId="6a65c67e-4c6f-d7ae-8dc4-9a32da04c6aa" testName="AlgorithmTests.BelmannFordAlgorithmTest.AverageCase" computerName="BURAK" duration="00:00:00.0032524" startTime="2023-05-10T18:45:27.6687054+03:00" endTime="2023-05-10T18:45:27.6687054+03:00" testType="13cdc9d9-ddb5-4fa4-a97d-d965ccfc6d4b" outcome="Passed" testListId="8c84fa94-04c1-424b-9868-57a2d4851a1d" relativeResultsDirectory="7d35ae04-b5f8-43cc-9d48-29bc239d4e12" />
    <UnitTestResult executionId="92829398-65b5-4a70-88c6-1b378060f6b9" testId="1ad14d07-0b19-af31-49ed-d2eeb059e8fa" testName="AlgorithmTests.KruskalAlgorithmTest.AverageCase" computerName="BURAK" duration="00:00:00.0101094" startTime="2023-05-10T18:45:27.6677022+03:00" endTime="2023-05-10T18:45:27.6677023+03:00" testType="13cdc9d9-ddb5-4fa4-a97d-d965ccfc6d4b" outcome="Passed" testListId="8c84fa94-04c1-424b-9868-57a2d4851a1d" relativeResultsDirectory="92829398-65b5-4a70-88c6-1b378060f6b9" />
    <UnitTestResult executionId="4b3402bb-e9a0-44e5-9225-0c69cfa10e59" testId="0050e996-cd65-4b2c-e417-cbb494a06b91" testName="AlgorithmTests.KruskalAlgorithmTest.BestCase" computerName="BURAK" duration="00:00:00.0273864" startTime="2023-05-10T18:45:27.6690597+03:00" endTime="2023-05-10T18:45:27.6690597+03:00" testType="13cdc9d9-ddb5-4fa4-a97d-d965ccfc6d4b" outcome="Passed" testListId="8c84fa94-04c1-424b-9868-57a2d4851a1d" relativeResultsDirectory="4b3402bb-e9a0-44e5-9225-0c69cfa10e59" />
    <UnitTestResult executionId="24a352a9-26c2-43a8-9f8e-f2ebc41723c4" testId="25730027-421f-8ba8-9061-e68c18789b0d" testName="AlgorithmTests.HuffmanCoding.TextFileAndSoundFileSizeTest" computerName="BURAK" duration="00:02:20.9161410" startTime="2023-05-10T18:47:48.5388655+03:00" endTime="2023-05-10T18:47:48.5388657+03:00" testType="13cdc9d9-ddb5-4fa4-a97d-d965ccfc6d4b" outcome="Passed" testListId="8c84fa94-04c1-424b-9868-57a2d4851a1d" relativeResultsDirectory="24a352a9-26c2-43a8-9f8e-f2ebc41723c4" />
    <UnitTestResult executionId="243ea1d7-a85b-44b5-b91e-1d6c9a1ef445" testId="868c4ea0-4508-2cb0-b2e7-45c99d7d09b7" testName="AlgorithmTests.BelmannFordAlgorithmTest.BestCase" computerName="BURAK" duration="00:00:00.0084236" startTime="2023-05-10T18:45:27.6362333+03:00" endTime="2023-05-10T18:45:27.6362545+03:00" testType="13cdc9d9-ddb5-4fa4-a97d-d965ccfc6d4b" outcome="Passed" testListId="8c84fa94-04c1-424b-9868-57a2d4851a1d" relativeResultsDirectory="243ea1d7-a85b-44b5-b91e-1d6c9a1ef445" />
    <UnitTestResult executionId="a5ff1b46-2659-49f4-b918-1385735540cf" testId="053dba3c-2b7f-e009-1a71-b6824c31a6fb" testName="AlgorithmTests.HuffmanCodingTest.TextFileDecompressTest" computerName="BURAK" duration="00:00:00.0001492" startTime="2023-05-10T18:47:48.5404979+03:00" endTime="2023-05-10T18:47:48.5404980+03:00" testType="13cdc9d9-ddb5-4fa4-a97d-d965ccfc6d4b" outcome="Passed" testListId="8c84fa94-04c1-424b-9868-57a2d4851a1d" relativeResultsDirectory="a5ff1b46-2659-49f4-b918-1385735540cf" />
  </Results>
  <TestDefinitions>
    <UnitTest name="AlgorithmTests.BelmannFordAlgorithmTest.BestCase" storage="c:\users\ebcak\source\repos\ce100-hw3-sln\unittest\bin\release\net6.0\ce100-hw3-algo-test-cs.dll" id="868c4ea0-4508-2cb0-b2e7-45c99d7d09b7">
      <Execution id="243ea1d7-a85b-44b5-b91e-1d6c9a1ef445" />
      <TestMethod codeBase="C:\Users\ebcak\source\repos\ce100-hw3-sln\UnitTest\bin\Release\net6.0\ce100-hw3-algo-test-cs.dll" adapterTypeName="executor://xunit/VsTestRunner2/netcoreapp" className="AlgorithmTests.BelmannFordAlgorithmTest" name="BestCase" />
    </UnitTest>
    <UnitTest name="AlgorithmTests.BelmannFordAlgorithmTest.AverageCase" storage="c:\users\ebcak\source\repos\ce100-hw3-sln\unittest\bin\release\net6.0\ce100-hw3-algo-test-cs.dll" id="6a65c67e-4c6f-d7ae-8dc4-9a32da04c6aa">
      <Execution id="7d35ae04-b5f8-43cc-9d48-29bc239d4e12" />
      <TestMethod codeBase="C:\Users\ebcak\source\repos\ce100-hw3-sln\UnitTest\bin\Release\net6.0\ce100-hw3-algo-test-cs.dll" adapterTypeName="executor://xunit/VsTestRunner2/netcoreapp" className="AlgorithmTests.BelmannFordAlgorithmTest" name="AverageCase" />
    </UnitTest>
    <UnitTest name="AlgorithmTests.KruskalAlgorithmTest.AverageCase" storage="c:\users\ebcak\source\repos\ce100-hw3-sln\unittest\bin\release\net6.0\ce100-hw3-algo-test-cs.dll" id="1ad14d07-0b19-af31-49ed-d2eeb059e8fa">
      <Execution id="92829398-65b5-4a70-88c6-1b378060f6b9" />
      <TestMethod codeBase="C:\Users\ebcak\source\repos\ce100-hw3-sln\UnitTest\bin\Release\net6.0\ce100-hw3-algo-test-cs.dll" adapterTypeName="executor://xunit/VsTestRunner2/netcoreapp" className="AlgorithmTests.KruskalAlgorithmTest" name="AverageCase" />
    </UnitTest>
    <UnitTest name="AlgorithmTests.HuffmanCodingTest.TextFileCompressTest" storage="c:\users\ebcak\source\repos\ce100-hw3-sln\unittest\bin\release\net6.0\ce100-hw3-algo-test-cs.dll" id="4d2109aa-e5fc-df95-2684-aa5fbf8f343b">
      <Execution id="7ec3f2ee-effd-4697-bdbf-3557ff98b74b" />
      <TestMethod codeBase="C:\Users\ebcak\source\repos\ce100-hw3-sln\UnitTest\bin\Release\net6.0\ce100-hw3-algo-test-cs.dll" adapterTypeName="executor://xunit/VsTestRunner2/netcoreapp" className="AlgorithmTests.HuffmanCodingTest" name="TextFileCompressTest" />
    </UnitTest>
    <UnitTest name="AlgorithmTests.IkeaProblemTest.IkeaProblemAlgorithm" storage="c:\users\ebcak\source\repos\ce100-hw3-sln\unittest\bin\release\net6.0\ce100-hw3-algo-test-cs.dll" id="e0aa0750-ed4f-a530-01cb-9ee9e5f17d23">
      <Execution id="50e1dc68-d189-4488-b992-69e75582af35" />
      <TestMethod codeBase="C:\Users\ebcak\source\repos\ce100-hw3-sln\UnitTest\bin\Release\net6.0\ce100-hw3-algo-test-cs.dll" adapterTypeName="executor://xunit/VsTestRunner2/netcoreapp" className="AlgorithmTests.IkeaProblemTest" name="IkeaProblemAlgorithm" />
    </UnitTest>
    <UnitTest name="AlgorithmTests.KruskalAlgorithmTest.BestCase" storage="c:\users\ebcak\source\repos\ce100-hw3-sln\unittest\bin\release\net6.0\ce100-hw3-algo-test-cs.dll" id="0050e996-cd65-4b2c-e417-cbb494a06b91">
      <Execution id="4b3402bb-e9a0-44e5-9225-0c69cfa10e59" />
      <TestMethod codeBase="C:\Users\ebcak\source\repos\ce100-hw3-sln\UnitTest\bin\Release\net6.0\ce100-hw3-algo-test-cs.dll" adapterTypeName="executor://xunit/VsTestRunner2/netcoreapp" className="AlgorithmTests.KruskalAlgorithmTest" name="BestCase" />
    </UnitTest>
    <UnitTest name="AlgorithmTests.BelmannFordAlgorithmTest.WorstCase" storage="c:\users\ebcak\source\repos\ce100-hw3-sln\unittest\bin\release\net6.0\ce100-hw3-algo-test-cs.dll" id="be36c7e1-bcfb-53d5-a10b-dcdff409b80c">
      <Execution id="be62209b-7772-49f6-a056-8822674f5fb2" />
      <TestMethod codeBase="C:\Users\ebcak\source\repos\ce100-hw3-sln\UnitTest\bin\Release\net6.0\ce100-hw3-algo-test-cs.dll" adapterTypeName="executor://xunit/VsTestRunner2/netcoreapp" className="AlgorithmTests.BelmannFordAlgorithmTest" name="WorstCase" />
    </UnitTest>
    <UnitTest name="AlgorithmTests.HuffmanCodingTest.Mp3FileCompressTest" storage="c:\users\ebcak\source\repos\ce100-hw3-sln\unittest\bin\release\net6.0\ce100-hw3-algo-test-cs.dll" id="adf30842-d3db-580b-f996-c41e40929a1a">
      <Execution id="30df337f-e6db-4484-a30f-bbc704d5ec6f" />
      <TestMethod codeBase="C:\Users\ebcak\source\repos\ce100-hw3-sln\UnitTest\bin\Release\net6.0\ce100-hw3-algo-test-cs.dll" adapterTypeName="executor://xunit/VsTestRunner2/netcoreapp" className="AlgorithmTests.HuffmanCodingTest" name="Mp3FileCompressTest" />
    </UnitTest>
    <UnitTest name="AlgorithmTests.HuffmanCodingTest.Mp3FileDecompressTest" storage="c:\users\ebcak\source\repos\ce100-hw3-sln\unittest\bin\release\net6.0\ce100-hw3-algo-test-cs.dll" id="a8fa783f-4d58-9073-a3af-ce75d473bae8">
      <Execution id="7b28c0e3-2fcd-4af8-84e5-0313551e8b94" />
      <TestMethod codeBase="C:\Users\ebcak\source\repos\ce100-hw3-sln\UnitTest\bin\Release\net6.0\ce100-hw3-algo-test-cs.dll" adapterTypeName="executor://xunit/VsTestRunner2/netcoreapp" className="AlgorithmTests.HuffmanCodingTest" name="Mp3FileDecompressTest" />
    </UnitTest>
    <UnitTest name="AlgorithmTests.KruskalAlgorithmTest.WorstCase" storage="c:\users\ebcak\source\repos\ce100-hw3-sln\unittest\bin\release\net6.0\ce100-hw3-algo-test-cs.dll" id="a6e04862-ca56-4bb1-96ef-ef5b14e7b8aa">
      <Execution id="74a79722-459f-42eb-b133-0bb2fe42df9b" />
      <TestMethod codeBase="C:\Users\ebcak\source\repos\ce100-hw3-sln\UnitTest\bin\Release\net6.0\ce100-hw3-algo-test-cs.dll" adapterTypeName="executor://xunit/VsTestRunner2/netcoreapp" className="AlgorithmTests.KruskalAlgorithmTest" name="WorstCase" />
    </UnitTest>
    <UnitTest name="AlgorithmTests.HuffmanCodingTest.TextFileDecompressTest" storage="c:\users\ebcak\source\repos\ce100-hw3-sln\unittest\bin\release\net6.0\ce100-hw3-algo-test-cs.dll" id="053dba3c-2b7f-e009-1a71-b6824c31a6fb">
      <Execution id="a5ff1b46-2659-49f4-b918-1385735540cf" />
      <TestMethod codeBase="C:\Users\ebcak\source\repos\ce100-hw3-sln\UnitTest\bin\Release\net6.0\ce100-hw3-algo-test-cs.dll" adapterTypeName="executor://xunit/VsTestRunner2/netcoreapp" className="AlgorithmTests.HuffmanCodingTest" name="TextFileDecompressTest" />
    </UnitTest>
    <UnitTest name="AlgorithmTests.HuffmanCoding.TextFileAndSoundFileSizeTest" storage="c:\users\ebcak\source\repos\ce100-hw3-sln\unittest\bin\release\net6.0\ce100-hw3-algo-test-cs.dll" id="25730027-421f-8ba8-9061-e68c18789b0d">
      <Execution id="24a352a9-26c2-43a8-9f8e-f2ebc41723c4" />
      <TestMethod codeBase="C:\Users\ebcak\source\repos\ce100-hw3-sln\UnitTest\bin\Release\net6.0\ce100-hw3-algo-test-cs.dll" adapterTypeName="executor://xunit/VsTestRunner2/netcoreapp" className="AlgorithmTests.HuffmanCoding" name="TextFileAndSoundFileSizeTest" />
    </UnitTest>
  </TestDefinitions>
  <TestEntries>
    <TestEntry testId="adf30842-d3db-580b-f996-c41e40929a1a" executionId="30df337f-e6db-4484-a30f-bbc704d5ec6f" testListId="8c84fa94-04c1-424b-9868-57a2d4851a1d" />
    <TestEntry testId="be36c7e1-bcfb-53d5-a10b-dcdff409b80c" executionId="be62209b-7772-49f6-a056-8822674f5fb2" testListId="8c84fa94-04c1-424b-9868-57a2d4851a1d" />
    <TestEntry testId="4d2109aa-e5fc-df95-2684-aa5fbf8f343b" executionId="7ec3f2ee-effd-4697-bdbf-3557ff98b74b" testListId="8c84fa94-04c1-424b-9868-57a2d4851a1d" />
    <TestEntry testId="a8fa783f-4d58-9073-a3af-ce75d473bae8" executionId="7b28c0e3-2fcd-4af8-84e5-0313551e8b94" testListId="8c84fa94-04c1-424b-9868-57a2d4851a1d" />
    <TestEntry testId="e0aa0750-ed4f-a530-01cb-9ee9e5f17d23" executionId="50e1dc68-d189-4488-b992-69e75582af35" testListId="8c84fa94-04c1-424b-9868-57a2d4851a1d" />
    <TestEntry testId="a6e04862-ca56-4bb1-96ef-ef5b14e7b8aa" executionId="74a79722-459f-42eb-b133-0bb2fe42df9b" testListId="8c84fa94-04c1-424b-9868-57a2d4851a1d" />
    <TestEntry testId="6a65c67e-4c6f-d7ae-8dc4-9a32da04c6aa" executionId="7d35ae04-b5f8-43cc-9d48-29bc239d4e12" testListId="8c84fa94-04c1-424b-9868-57a2d4851a1d" />
    <TestEntry testId="1ad14d07-0b19-af31-49ed-d2eeb059e8fa" executionId="92829398-65b5-4a70-88c6-1b378060f6b9" testListId="8c84fa94-04c1-424b-9868-57a2d4851a1d" />
    <TestEntry testId="0050e996-cd65-4b2c-e417-cbb494a06b91" executionId="4b3402bb-e9a0-44e5-9225-0c69cfa10e59" testListId="8c84fa94-04c1-424b-9868-57a2d4851a1d" />
    <TestEntry testId="25730027-421f-8ba8-9061-e68c18789b0d" executionId="24a352a9-26c2-43a8-9f8e-f2ebc41723c4" testListId="8c84fa94-04c1-424b-9868-57a2d4851a1d" />
    <TestEntry testId="868c4ea0-4508-2cb0-b2e7-45c99d7d09b7" executionId="243ea1d7-a85b-44b5-b91e-1d6c9a1ef445" testListId="8c84fa94-04c1-424b-9868-57a2d4851a1d" />
    <TestEntry testId="053dba3c-2b7f-e009-1a71-b6824c31a6fb" executionId="a5ff1b46-2659-49f4-b918-1385735540cf" testListId="8c84fa94-04c1-424b-9868-57a2d4851a1d" />
  </TestEntries>
  <TestLists>
    <TestList name="Results Not in a List" id="8c84fa94-04c1-424b-9868-57a2d4851a1d" />
    <TestList name="All Loaded Results" id="19431567-8539-422a-85d7-44ee4e166bda" />
  </TestLists>
  <ResultSummary outcome="Completed">
    <Counters total="12" executed="12" passed="12" failed="0" error="0" timeout="0" aborted="0" inconclusive="0" passedButRunAborted="0" notRunnable="0" notExecuted="0" disconnected="0" warning="0" completed="0" inProgress="0" pending="0" />
    <Output>
      <StdOut>[xUnit.net 00:00:00.00] xUnit.net VSTest Adapter v2.4.5+1caef2f33e (64-bit .NET 6.0.16)&#xD;
[xUnit.net 00:00:00.27]   Discovering: ce100-hw3-algo-test-cs&#xD;
[xUnit.net 00:00:00.30]   Discovered:  ce100-hw3-algo-test-cs&#xD;
[xUnit.net 00:00:00.30]   Starting:    ce100-hw3-algo-test-cs&#xD;
[xUnit.net 00:02:21.26]   Finished:    ce100-hw3-algo-test-cs&#xD;
</StdOut>
    </Output>
    <CollectorDataEntries>
      <Collector agentName="BURAK" uri="datacollector://microsoft/CoverletCodeCoverage/1.0" collectorDisplayName="XPlat code coverage">
        <UriAttachments>
          <UriAttachment>
            <A href="BURAK\coverage.cobertura.xml"></A>
          </UriAttachment>
        </UriAttachments>
      </Collector>
    </CollectorDataEntries>
  </ResultSummary>
</TestRun>