<?xml version="1.0" encoding="utf-8"?>
<TestRun id="5667f718-3c0e-4003-b04b-6e333bd81cc0" name="ebcak@BURAK 2023-05-10 18:09:54" runUser="BURAK\ebcak" xmlns="http://microsoft.com/schemas/VisualStudio/TeamTest/2010">
  <Times creation="2023-05-10T18:09:54.9760774+03:00" queuing="2023-05-10T18:09:54.9760775+03:00" start="2023-05-10T18:09:53.6889356+03:00" finish="2023-05-10T18:09:55.0795741+03:00" />
  <TestSettings name="default" id="cc4cbb29-27a6-44d0-8b45-3bea12c6863e">
    <Deployment runDeploymentRoot="ebcak_BURAK_2023-05-10_18_09_54" />
  </TestSettings>
  <Results>
    <UnitTestResult executionId="77407fa6-0136-43ed-a199-e3b926313ce3" testId="25730027-421f-8ba8-9061-e68c18789b0d" testName="AlgorithmTests.HuffmanCoding.TextFileAndSoundFileSizeTest" computerName="BURAK" duration="00:00:00.0036260" startTime="2023-05-10T18:09:54.9358205+03:00" endTime="2023-05-10T18:09:54.9358206+03:00" testType="13cdc9d9-ddb5-4fa4-a97d-d965ccfc6d4b" outcome="Failed" testListId="8c84fa94-04c1-424b-9868-57a2d4851a1d" relativeResultsDirectory="77407fa6-0136-43ed-a199-e3b926313ce3">
      <Output>
        <ErrorInfo>
          <Message>System.IO.FileNotFoundException : Could not find file 'C:\Users\ebcak\source\repos\ce100-hw3-sln\UnitTest\bin\Release\net6.0\Test\Test.mp3'.</Message>
          <StackTrace>   at System.IO.FileInfo.get_Length()&#xD;
   at AlgorithmTests.HuffmanCoding.TextFileAndSoundFileSizeTest() in C:\Users\ebcak\source\repos\ce100-hw3-sln\UnitTest\UnitTest.cs:line 215</StackTrace>
        </ErrorInfo>
      </Output>
    </UnitTestResult>
    <UnitTestResult executionId="d7726e56-bbfe-45ea-a344-b9be613b9265" testId="adf30842-d3db-580b-f996-c41e40929a1a" testName="AlgorithmTests.HuffmanCodingTest.Mp3FileCompressTest" computerName="BURAK" duration="00:00:00.0002309" startTime="2023-05-10T18:09:54.9547236+03:00" endTime="2023-05-10T18:09:54.9547236+03:00" testType="13cdc9d9-ddb5-4fa4-a97d-d965ccfc6d4b" outcome="Failed" testListId="8c84fa94-04c1-424b-9868-57a2d4851a1d" relativeResultsDirectory="d7726e56-bbfe-45ea-a344-b9be613b9265">
      <Output>
        <ErrorInfo>
          <Message>System.IO.FileNotFoundException : Could not find file 'C:\Users\ebcak\source\repos\ce100-hw3-sln\UnitTest\bin\Release\net6.0\Test\Test.mp3'.</Message>
          <StackTrace>   at System.IO.FileInfo.get_Length()&#xD;
   at AlgorithmTests.HuffmanCodingTest.Mp3FileCompressTest() in C:\Users\ebcak\source\repos\ce100-hw3-sln\UnitTest\UnitTest.cs:line 350</StackTrace>
        </ErrorInfo>
      </Output>
    </UnitTestResult>
    <UnitTestResult executionId="be89fda0-3806-4799-b496-1967d1d98f32" testId="4d2109aa-e5fc-df95-2684-aa5fbf8f343b" testName="AlgorithmTests.HuffmanCodingTest.TextFileCompressTest" computerName="BURAK" duration="00:00:00.0002372" startTime="2023-05-10T18:09:54.9543702+03:00" endTime="2023-05-10T18:09:54.9543703+03:00" testType="13cdc9d9-ddb5-4fa4-a97d-d965ccfc6d4b" outcome="Failed" testListId="8c84fa94-04c1-424b-9868-57a2d4851a1d" relativeResultsDirectory="be89fda0-3806-4799-b496-1967d1d98f32">
      <Output>
        <ErrorInfo>
          <Message>System.IO.FileNotFoundException : Could not find file 'C:\Users\ebcak\source\repos\ce100-hw3-sln\UnitTest\bin\Release\net6.0\Test\CompressedText'.</Message>
          <StackTrace>   at System.IO.FileInfo.get_Length()&#xD;
   at AlgorithmTests.HuffmanCodingTest.TextFileCompressTest() in C:\Users\ebcak\source\repos\ce100-hw3-sln\UnitTest\UnitTest.cs:line 336</StackTrace>
        </ErrorInfo>
      </Output>
    </UnitTestResult>
    <UnitTestResult executionId="4960c73b-5122-453d-9a49-13409606c23b" testId="053dba3c-2b7f-e009-1a71-b6824c31a6fb" testName="AlgorithmTests.HuffmanCodingTest.TextFileDecompressTest" computerName="BURAK" duration="00:00:00.0002668" startTime="2023-05-10T18:09:54.9550375+03:00" endTime="2023-05-10T18:09:54.9550375+03:00" testType="13cdc9d9-ddb5-4fa4-a97d-d965ccfc6d4b" outcome="Failed" testListId="8c84fa94-04c1-424b-9868-57a2d4851a1d" relativeResultsDirectory="4960c73b-5122-453d-9a49-13409606c23b">
      <Output>
        <ErrorInfo>
          <Message>System.IO.FileNotFoundException : Could not find file 'C:\Users\ebcak\source\repos\ce100-hw3-sln\UnitTest\bin\Release\net6.0\Test\Test.txt'.</Message>
          <StackTrace>   at System.IO.FileInfo.get_Length()&#xD;
   at AlgorithmTests.HuffmanCodingTest.TextFileDecompressTest() in C:\Users\ebcak\source\repos\ce100-hw3-sln\UnitTest\UnitTest.cs:line 366</StackTrace>
        </ErrorInfo>
      </Output>
    </UnitTestResult>
    <UnitTestResult executionId="429272a3-eacc-4b26-bc60-424bf189382d" testId="0050e996-cd65-4b2c-e417-cbb494a06b91" testName="AlgorithmTests.KruskalAlgorithmTest.BestCase" computerName="BURAK" duration="00:00:00.0019873" startTime="2023-05-10T18:09:54.9298248+03:00" endTime="2023-05-10T18:09:54.9298248+03:00" testType="13cdc9d9-ddb5-4fa4-a97d-d965ccfc6d4b" outcome="Passed" testListId="8c84fa94-04c1-424b-9868-57a2d4851a1d" relativeResultsDirectory="429272a3-eacc-4b26-bc60-424bf189382d" />
    <UnitTestResult executionId="8b5afb28-7160-49ce-a323-1f4a09baeaa3" testId="1ad14d07-0b19-af31-49ed-d2eeb059e8fa" testName="AlgorithmTests.KruskalAlgorithmTest.AverageCase" computerName="BURAK" duration="00:00:00.0062237" startTime="2023-05-10T18:09:54.9292363+03:00" endTime="2023-05-10T18:09:54.9292364+03:00" testType="13cdc9d9-ddb5-4fa4-a97d-d965ccfc6d4b" outcome="Passed" testListId="8c84fa94-04c1-424b-9868-57a2d4851a1d" relativeResultsDirectory="8b5afb28-7160-49ce-a323-1f4a09baeaa3" />
    <UnitTestResult executionId="6cdf93b9-f60a-469b-9dfa-1ff4fdcdeccc" testId="a6e04862-ca56-4bb1-96ef-ef5b14e7b8aa" testName="AlgorithmTests.KruskalAlgorithmTest.WorstCase" computerName="BURAK" duration="00:00:00.0003378" startTime="2023-05-10T18:09:54.9294439+03:00" endTime="2023-05-10T18:09:54.9294440+03:00" testType="13cdc9d9-ddb5-4fa4-a97d-d965ccfc6d4b" outcome="Passed" testListId="8c84fa94-04c1-424b-9868-57a2d4851a1d" relativeResultsDirectory="6cdf93b9-f60a-469b-9dfa-1ff4fdcdeccc" />
    <UnitTestResult executionId="096d6c5b-d495-48aa-8b18-a30da0666af8" testId="868c4ea0-4508-2cb0-b2e7-45c99d7d09b7" testName="AlgorithmTests.BelmannFordAlgorithmTest.BestCase" computerName="BURAK" duration="00:00:00.0043836" startTime="2023-05-10T18:09:54.9212476+03:00" endTime="2023-05-10T18:09:54.9212692+03:00" testType="13cdc9d9-ddb5-4fa4-a97d-d965ccfc6d4b" outcome="Passed" testListId="8c84fa94-04c1-424b-9868-57a2d4851a1d" relativeResultsDirectory="096d6c5b-d495-48aa-8b18-a30da0666af8" />
    <UnitTestResult executionId="37242123-b21b-4d36-9b8b-ce1314a5f41e" testId="6a65c67e-4c6f-d7ae-8dc4-9a32da04c6aa" testName="AlgorithmTests.BelmannFordAlgorithmTest.AverageCase" computerName="BURAK" duration="00:00:00.0025927" startTime="2023-05-10T18:09:54.9295946+03:00" endTime="2023-05-10T18:09:54.9295947+03:00" testType="13cdc9d9-ddb5-4fa4-a97d-d965ccfc6d4b" outcome="Passed" testListId="8c84fa94-04c1-424b-9868-57a2d4851a1d" relativeResultsDirectory="37242123-b21b-4d36-9b8b-ce1314a5f41e" />
    <UnitTestResult executionId="0f7d4b98-eff7-43f9-878a-a1a3a06179d0" testId="a8fa783f-4d58-9073-a3af-ce75d473bae8" testName="AlgorithmTests.HuffmanCodingTest.Mp3FileDecompressTest" computerName="BURAK" duration="00:00:00.0003003" startTime="2023-05-10T18:09:54.9363265+03:00" endTime="2023-05-10T18:09:54.9363266+03:00" testType="13cdc9d9-ddb5-4fa4-a97d-d965ccfc6d4b" outcome="Failed" testListId="8c84fa94-04c1-424b-9868-57a2d4851a1d" relativeResultsDirectory="0f7d4b98-eff7-43f9-878a-a1a3a06179d0">
      <Output>
        <ErrorInfo>
          <Message>System.IO.FileNotFoundException : Could not find file 'C:\Users\ebcak\source\repos\ce100-hw3-sln\UnitTest\bin\Release\net6.0\Test\Test.mp3'.</Message>
          <StackTrace>   at System.IO.FileInfo.get_Length()&#xD;
   at AlgorithmTests.HuffmanCodingTest.Mp3FileDecompressTest() in C:\Users\ebcak\source\repos\ce100-hw3-sln\UnitTest\UnitTest.cs:line 381</StackTrace>
        </ErrorInfo>
      </Output>
    </UnitTestResult>
    <UnitTestResult executionId="50d22638-4c69-4e8d-a889-448e03d74607" testId="e0aa0750-ed4f-a530-01cb-9ee9e5f17d23" testName="AlgorithmTests.IkeaProblemTest.IkeaProblemAlgorithm" computerName="BURAK" duration="00:00:00.0085425" startTime="2023-05-10T18:09:54.9297417+03:00" endTime="2023-05-10T18:09:54.9297418+03:00" testType="13cdc9d9-ddb5-4fa4-a97d-d965ccfc6d4b" outcome="Passed" testListId="8c84fa94-04c1-424b-9868-57a2d4851a1d" relativeResultsDirectory="50d22638-4c69-4e8d-a889-448e03d74607" />
    <UnitTestResult executionId="9b91631f-55dc-41bb-9c12-9109138548d8" testId="be36c7e1-bcfb-53d5-a10b-dcdff409b80c" testName="AlgorithmTests.BelmannFordAlgorithmTest.WorstCase" computerName="BURAK" duration="00:00:00.0001965" startTime="2023-05-10T18:09:54.9299029+03:00" endTime="2023-05-10T18:09:54.9299029+03:00" testType="13cdc9d9-ddb5-4fa4-a97d-d965ccfc6d4b" outcome="Passed" testListId="8c84fa94-04c1-424b-9868-57a2d4851a1d" relativeResultsDirectory="9b91631f-55dc-41bb-9c12-9109138548d8" />
  </Results>
  <TestDefinitions>
    <UnitTest name="AlgorithmTests.BelmannFordAlgorithmTest.BestCase" storage="c:\users\ebcak\source\repos\ce100-hw3-sln\unittest\bin\release\net6.0\ce100-hw3-algo-test-cs.dll" id="868c4ea0-4508-2cb0-b2e7-45c99d7d09b7">
      <Execution id="096d6c5b-d495-48aa-8b18-a30da0666af8" />
      <TestMethod codeBase="C:\Users\ebcak\source\repos\ce100-hw3-sln\UnitTest\bin\Release\net6.0\ce100-hw3-algo-test-cs.dll" adapterTypeName="executor://xunit/VsTestRunner2/netcoreapp" className="AlgorithmTests.BelmannFordAlgorithmTest" name="BestCase" />
    </UnitTest>
    <UnitTest name="AlgorithmTests.BelmannFordAlgorithmTest.AverageCase" storage="c:\users\ebcak\source\repos\ce100-hw3-sln\unittest\bin\release\net6.0\ce100-hw3-algo-test-cs.dll" id="6a65c67e-4c6f-d7ae-8dc4-9a32da04c6aa">
      <Execution id="37242123-b21b-4d36-9b8b-ce1314a5f41e" />
      <TestMethod codeBase="C:\Users\ebcak\source\repos\ce100-hw3-sln\UnitTest\bin\Release\net6.0\ce100-hw3-algo-test-cs.dll" adapterTypeName="executor://xunit/VsTestRunner2/netcoreapp" className="AlgorithmTests.BelmannFordAlgorithmTest" name="AverageCase" />
    </UnitTest>
    <UnitTest name="AlgorithmTests.KruskalAlgorithmTest.AverageCase" storage="c:\users\ebcak\source\repos\ce100-hw3-sln\unittest\bin\release\net6.0\ce100-hw3-algo-test-cs.dll" id="1ad14d07-0b19-af31-49ed-d2eeb059e8fa">
      <Execution id="8b5afb28-7160-49ce-a323-1f4a09baeaa3" />
      <TestMethod codeBase="C:\Users\ebcak\source\repos\ce100-hw3-sln\UnitTest\bin\Release\net6.0\ce100-hw3-algo-test-cs.dll" adapterTypeName="executor://xunit/VsTestRunner2/netcoreapp" className="AlgorithmTests.KruskalAlgorithmTest" name="AverageCase" />
    </UnitTest>
    <UnitTest name="AlgorithmTests.HuffmanCodingTest.TextFileCompressTest" storage="c:\users\ebcak\source\repos\ce100-hw3-sln\unittest\bin\release\net6.0\ce100-hw3-algo-test-cs.dll" id="4d2109aa-e5fc-df95-2684-aa5fbf8f343b">
      <Execution id="be89fda0-3806-4799-b496-1967d1d98f32" />
      <TestMethod codeBase="C:\Users\ebcak\source\repos\ce100-hw3-sln\UnitTest\bin\Release\net6.0\ce100-hw3-algo-test-cs.dll" adapterTypeName="executor://xunit/VsTestRunner2/netcoreapp" className="AlgorithmTests.HuffmanCodingTest" name="TextFileCompressTest" />
    </UnitTest>
    <UnitTest name="AlgorithmTests.IkeaProblemTest.IkeaProblemAlgorithm" storage="c:\users\ebcak\source\repos\ce100-hw3-sln\unittest\bin\release\net6.0\ce100-hw3-algo-test-cs.dll" id="e0aa0750-ed4f-a530-01cb-9ee9e5f17d23">
      <Execution id="50d22638-4c69-4e8d-a889-448e03d74607" />
      <TestMethod codeBase="C:\Users\ebcak\source\repos\ce100-hw3-sln\UnitTest\bin\Release\net6.0\ce100-hw3-algo-test-cs.dll" adapterTypeName="executor://xunit/VsTestRunner2/netcoreapp" className="AlgorithmTests.IkeaProblemTest" name="IkeaProblemAlgorithm" />
    </UnitTest>
    <UnitTest name="AlgorithmTests.KruskalAlgorithmTest.BestCase" storage="c:\users\ebcak\source\repos\ce100-hw3-sln\unittest\bin\release\net6.0\ce100-hw3-algo-test-cs.dll" id="0050e996-cd65-4b2c-e417-cbb494a06b91">
      <Execution id="429272a3-eacc-4b26-bc60-424bf189382d" />
      <TestMethod codeBase="C:\Users\ebcak\source\repos\ce100-hw3-sln\UnitTest\bin\Release\net6.0\ce100-hw3-algo-test-cs.dll" adapterTypeName="executor://xunit/VsTestRunner2/netcoreapp" className="AlgorithmTests.KruskalAlgorithmTest" name="BestCase" />
    </UnitTest>
    <UnitTest name="AlgorithmTests.BelmannFordAlgorithmTest.WorstCase" storage="c:\users\ebcak\source\repos\ce100-hw3-sln\unittest\bin\release\net6.0\ce100-hw3-algo-test-cs.dll" id="be36c7e1-bcfb-53d5-a10b-dcdff409b80c">
      <Execution id="9b91631f-55dc-41bb-9c12-9109138548d8" />
      <TestMethod codeBase="C:\Users\ebcak\source\repos\ce100-hw3-sln\UnitTest\bin\Release\net6.0\ce100-hw3-algo-test-cs.dll" adapterTypeName="executor://xunit/VsTestRunner2/netcoreapp" className="AlgorithmTests.BelmannFordAlgorithmTest" name="WorstCase" />
    </UnitTest>
    <UnitTest name="AlgorithmTests.HuffmanCodingTest.Mp3FileCompressTest" storage="c:\users\ebcak\source\repos\ce100-hw3-sln\unittest\bin\release\net6.0\ce100-hw3-algo-test-cs.dll" id="adf30842-d3db-580b-f996-c41e40929a1a">
      <Execution id="d7726e56-bbfe-45ea-a344-b9be613b9265" />
      <TestMethod codeBase="C:\Users\ebcak\source\repos\ce100-hw3-sln\UnitTest\bin\Release\net6.0\ce100-hw3-algo-test-cs.dll" adapterTypeName="executor://xunit/VsTestRunner2/netcoreapp" className="AlgorithmTests.HuffmanCodingTest" name="Mp3FileCompressTest" />
    </UnitTest>
    <UnitTest name="AlgorithmTests.HuffmanCodingTest.Mp3FileDecompressTest" storage="c:\users\ebcak\source\repos\ce100-hw3-sln\unittest\bin\release\net6.0\ce100-hw3-algo-test-cs.dll" id="a8fa783f-4d58-9073-a3af-ce75d473bae8">
      <Execution id="0f7d4b98-eff7-43f9-878a-a1a3a06179d0" />
      <TestMethod codeBase="C:\Users\ebcak\source\repos\ce100-hw3-sln\UnitTest\bin\Release\net6.0\ce100-hw3-algo-test-cs.dll" adapterTypeName="executor://xunit/VsTestRunner2/netcoreapp" className="AlgorithmTests.HuffmanCodingTest" name="Mp3FileDecompressTest" />
    </UnitTest>
    <UnitTest name="AlgorithmTests.KruskalAlgorithmTest.WorstCase" storage="c:\users\ebcak\source\repos\ce100-hw3-sln\unittest\bin\release\net6.0\ce100-hw3-algo-test-cs.dll" id="a6e04862-ca56-4bb1-96ef-ef5b14e7b8aa">
      <Execution id="6cdf93b9-f60a-469b-9dfa-1ff4fdcdeccc" />
      <TestMethod codeBase="C:\Users\ebcak\source\repos\ce100-hw3-sln\UnitTest\bin\Release\net6.0\ce100-hw3-algo-test-cs.dll" adapterTypeName="executor://xunit/VsTestRunner2/netcoreapp" className="AlgorithmTests.KruskalAlgorithmTest" name="WorstCase" />
    </UnitTest>
    <UnitTest name="AlgorithmTests.HuffmanCodingTest.TextFileDecompressTest" storage="c:\users\ebcak\source\repos\ce100-hw3-sln\unittest\bin\release\net6.0\ce100-hw3-algo-test-cs.dll" id="053dba3c-2b7f-e009-1a71-b6824c31a6fb">
      <Execution id="4960c73b-5122-453d-9a49-13409606c23b" />
      <TestMethod codeBase="C:\Users\ebcak\source\repos\ce100-hw3-sln\UnitTest\bin\Release\net6.0\ce100-hw3-algo-test-cs.dll" adapterTypeName="executor://xunit/VsTestRunner2/netcoreapp" className="AlgorithmTests.HuffmanCodingTest" name="TextFileDecompressTest" />
    </UnitTest>
    <UnitTest name="AlgorithmTests.HuffmanCoding.TextFileAndSoundFileSizeTest" storage="c:\users\ebcak\source\repos\ce100-hw3-sln\unittest\bin\release\net6.0\ce100-hw3-algo-test-cs.dll" id="25730027-421f-8ba8-9061-e68c18789b0d">
      <Execution id="77407fa6-0136-43ed-a199-e3b926313ce3" />
      <TestMethod codeBase="C:\Users\ebcak\source\repos\ce100-hw3-sln\UnitTest\bin\Release\net6.0\ce100-hw3-algo-test-cs.dll" adapterTypeName="executor://xunit/VsTestRunner2/netcoreapp" className="AlgorithmTests.HuffmanCoding" name="TextFileAndSoundFileSizeTest" />
    </UnitTest>
  </TestDefinitions>
  <TestEntries>
    <TestEntry testId="25730027-421f-8ba8-9061-e68c18789b0d" executionId="77407fa6-0136-43ed-a199-e3b926313ce3" testListId="8c84fa94-04c1-424b-9868-57a2d4851a1d" />
    <TestEntry testId="adf30842-d3db-580b-f996-c41e40929a1a" executionId="d7726e56-bbfe-45ea-a344-b9be613b9265" testListId="8c84fa94-04c1-424b-9868-57a2d4851a1d" />
    <TestEntry testId="4d2109aa-e5fc-df95-2684-aa5fbf8f343b" executionId="be89fda0-3806-4799-b496-1967d1d98f32" testListId="8c84fa94-04c1-424b-9868-57a2d4851a1d" />
    <TestEntry testId="053dba3c-2b7f-e009-1a71-b6824c31a6fb" executionId="4960c73b-5122-453d-9a49-13409606c23b" testListId="8c84fa94-04c1-424b-9868-57a2d4851a1d" />
    <TestEntry testId="0050e996-cd65-4b2c-e417-cbb494a06b91" executionId="429272a3-eacc-4b26-bc60-424bf189382d" testListId="8c84fa94-04c1-424b-9868-57a2d4851a1d" />
    <TestEntry testId="1ad14d07-0b19-af31-49ed-d2eeb059e8fa" executionId="8b5afb28-7160-49ce-a323-1f4a09baeaa3" testListId="8c84fa94-04c1-424b-9868-57a2d4851a1d" />
    <TestEntry testId="a6e04862-ca56-4bb1-96ef-ef5b14e7b8aa" executionId="6cdf93b9-f60a-469b-9dfa-1ff4fdcdeccc" testListId="8c84fa94-04c1-424b-9868-57a2d4851a1d" />
    <TestEntry testId="868c4ea0-4508-2cb0-b2e7-45c99d7d09b7" executionId="096d6c5b-d495-48aa-8b18-a30da0666af8" testListId="8c84fa94-04c1-424b-9868-57a2d4851a1d" />
    <TestEntry testId="6a65c67e-4c6f-d7ae-8dc4-9a32da04c6aa" executionId="37242123-b21b-4d36-9b8b-ce1314a5f41e" testListId="8c84fa94-04c1-424b-9868-57a2d4851a1d" />
    <TestEntry testId="a8fa783f-4d58-9073-a3af-ce75d473bae8" executionId="0f7d4b98-eff7-43f9-878a-a1a3a06179d0" testListId="8c84fa94-04c1-424b-9868-57a2d4851a1d" />
    <TestEntry testId="e0aa0750-ed4f-a530-01cb-9ee9e5f17d23" executionId="50d22638-4c69-4e8d-a889-448e03d74607" testListId="8c84fa94-04c1-424b-9868-57a2d4851a1d" />
    <TestEntry testId="be36c7e1-bcfb-53d5-a10b-dcdff409b80c" executionId="9b91631f-55dc-41bb-9c12-9109138548d8" testListId="8c84fa94-04c1-424b-9868-57a2d4851a1d" />
  </TestEntries>
  <TestLists>
    <TestList name="Results Not in a List" id="8c84fa94-04c1-424b-9868-57a2d4851a1d" />
    <TestList name="All Loaded Results" id="19431567-8539-422a-85d7-44ee4e166bda" />
  </TestLists>
  <ResultSummary outcome="Failed">
    <Counters total="12" executed="12" passed="7" failed="5" error="0" timeout="0" aborted="0" inconclusive="0" passedButRunAborted="0" notRunnable="0" notExecuted="0" disconnected="0" warning="0" completed="0" inProgress="0" pending="0" />
    <Output>
      <StdOut>[xUnit.net 00:00:00.00] xUnit.net VSTest Adapter v2.4.5+1caef2f33e (64-bit .NET 6.0.16)&#xD;
[xUnit.net 00:00:00.32]   Discovering: ce100-hw3-algo-test-cs&#xD;
[xUnit.net 00:00:00.35]   Discovered:  ce100-hw3-algo-test-cs&#xD;
[xUnit.net 00:00:00.35]   Starting:    ce100-hw3-algo-test-cs&#xD;
[xUnit.net 00:00:00.41]       System.IO.FileNotFoundException : Could not find file 'C:\Users\ebcak\source\repos\ce100-hw3-sln\UnitTest\bin\Release\net6.0\Test\Test.mp3'.&#xD;
[xUnit.net 00:00:00.41]       Stack Trace:&#xD;
[xUnit.net 00:00:00.41]            at System.IO.FileInfo.get_Length()&#xD;
[xUnit.net 00:00:00.41]         C:\Users\ebcak\source\repos\ce100-hw3-sln\UnitTest\UnitTest.cs(215,0): at AlgorithmTests.HuffmanCoding.TextFileAndSoundFileSizeTest()&#xD;
[xUnit.net 00:00:00.41]       System.IO.FileNotFoundException : Could not find file 'C:\Users\ebcak\source\repos\ce100-hw3-sln\UnitTest\bin\Release\net6.0\Test\Test.mp3'.&#xD;
[xUnit.net 00:00:00.41]       Stack Trace:&#xD;
[xUnit.net 00:00:00.41]            at System.IO.FileInfo.get_Length()&#xD;
[xUnit.net 00:00:00.41]         C:\Users\ebcak\source\repos\ce100-hw3-sln\UnitTest\UnitTest.cs(381,0): at AlgorithmTests.HuffmanCodingTest.Mp3FileDecompressTest()&#xD;
[xUnit.net 00:00:00.43]       System.IO.FileNotFoundException : Could not find file 'C:\Users\ebcak\source\repos\ce100-hw3-sln\UnitTest\bin\Release\net6.0\Test\CompressedText'.&#xD;
[xUnit.net 00:00:00.43]       Stack Trace:&#xD;
[xUnit.net 00:00:00.43]            at System.IO.FileInfo.get_Length()&#xD;
[xUnit.net 00:00:00.43]         C:\Users\ebcak\source\repos\ce100-hw3-sln\UnitTest\UnitTest.cs(336,0): at AlgorithmTests.HuffmanCodingTest.TextFileCompressTest()&#xD;
[xUnit.net 00:00:00.43]       System.IO.FileNotFoundException : Could not find file 'C:\Users\ebcak\source\repos\ce100-hw3-sln\UnitTest\bin\Release\net6.0\Test\Test.mp3'.&#xD;
[xUnit.net 00:00:00.43]       Stack Trace:&#xD;
[xUnit.net 00:00:00.43]            at System.IO.FileInfo.get_Length()&#xD;
[xUnit.net 00:00:00.43]         C:\Users\ebcak\source\repos\ce100-hw3-sln\UnitTest\UnitTest.cs(350,0): at AlgorithmTests.HuffmanCodingTest.Mp3FileCompressTest()&#xD;
[xUnit.net 00:00:00.43]       System.IO.FileNotFoundException : Could not find file 'C:\Users\ebcak\source\repos\ce100-hw3-sln\UnitTest\bin\Release\net6.0\Test\Test.txt'.&#xD;
[xUnit.net 00:00:00.43]       Stack Trace:&#xD;
[xUnit.net 00:00:00.43]            at System.IO.FileInfo.get_Length()&#xD;
[xUnit.net 00:00:00.43]         C:\Users\ebcak\source\repos\ce100-hw3-sln\UnitTest\UnitTest.cs(366,0): at AlgorithmTests.HuffmanCodingTest.TextFileDecompressTest()&#xD;
[xUnit.net 00:00:00.43]   Finished:    ce100-hw3-algo-test-cs&#xD;
</StdOut>
    </Output>
    <RunInfos>
      <RunInfo computerName="BURAK" outcome="Min" timestamp="2023-05-10T18:09:54.9334184+03:00">
        <Text>[xUnit.net 00:00:00.41]     AlgorithmTests.HuffmanCoding.TextFileAndSoundFileSizeTest [FAIL]</Text>
      </RunInfo>
      <RunInfo computerName="BURAK" outcome="Min" timestamp="2023-05-10T18:09:54.9362816+03:00">
        <Text>[xUnit.net 00:00:00.41]     AlgorithmTests.HuffmanCodingTest.Mp3FileDecompressTest [FAIL]</Text>
      </RunInfo>
      <RunInfo computerName="BURAK" outcome="Min" timestamp="2023-05-10T18:09:54.9878855+03:00">
        <Text>[xUnit.net 00:00:00.43]     AlgorithmTests.HuffmanCodingTest.TextFileCompressTest [FAIL]</Text>
      </RunInfo>
      <RunInfo computerName="BURAK" outcome="Min" timestamp="2023-05-10T18:09:54.9887690+03:00">
        <Text>[xUnit.net 00:00:00.43]     AlgorithmTests.HuffmanCodingTest.Mp3FileCompressTest [FAIL]</Text>
      </RunInfo>
      <RunInfo computerName="BURAK" outcome="Min" timestamp="2023-05-10T18:09:54.9897170+03:00">
        <Text>[xUnit.net 00:00:00.43]     AlgorithmTests.HuffmanCodingTest.TextFileDecompressTest [FAIL]</Text>
      </RunInfo>
    </RunInfos>
    <CollectorDataEntries>
      <Collector agentName="BURAK" uri="datacollector://microsoft/CoverletCodeCoverage/1.0" collectorDisplayName="XPlat code coverage">
        <UriAttachments>
          <UriAttachment>
            <A href="BURAK\coverage.cobertura.xml"></A>
          </UriAttachment>
        </UriAttachments>
      </Collector>
    </CollectorDataEntries>
  </ResultSummary>
</TestRun>